I'm sorry, but errors were detected in your script. Please correct the
errors listed below, and try again.


File "game/script.rpy", line 62: Line is indented, but the preceding say statement statement does not expect a block. Please check this line's indentation. You may have forgotten a colon (:).
    return
    ^

Ren'Py Version: Ren'Py 8.4.0.25070607
Sun Jul 13 02:25:37 2025
